MO half_adder NULL half_adder.vf vlg5A/half__adder.bin 1537147018
MO four_bit_ripple_carry_adder NULL four_bit_ripple_carry_adder.vf vlg68/four__bit__ripple__carry__adder.bin 1537147018
MO one_bit_full_adder_MUSER_four_bit_ripple_carry_adder NULL four_bit_ripple_carry_adder.vf vlg7B/one__bit__full__adder___m_u_s_e_r__four__bit__ripple__carry__adder.bin 1537147018
MO half_adder_MUSER_one_bit_full_adder NULL one_bit_full_adder.vf vlg15/half__adder___m_u_s_e_r__one__bit__full__adder.bin 1537147018
MO half_adder_MUSER_four_bit_ripple_carry_adder NULL four_bit_ripple_carry_adder.vf vlg54/half__adder___m_u_s_e_r__four__bit__ripple__carry__adder.bin 1537147018
MO one_bit_full_adder NULL one_bit_full_adder.vf vlg19/one__bit__full__adder.bin 1537147018
